===== ANALYST longcat 2026-09-03 17:17:27 UTC =====
[91m[1mError: [0m{
  "name": "UnknownError",
  "data": {
    "message": "Unexpected server error. Check server logs for details.",
    "ref": "err_849bdc03"
  }
}
===== ANALYST longcat 2026-09-03 20:13:47 UTC =====
[91m[1mError: [0m{
  "name": "UnknownError",
  "data": {
    "message": "Unexpected server error. Check server logs for details.",
    "ref": "err_f3d13669"
  }
}
===== ANALYST longcat 2026-09-03 22:31:26 UTC =====
[91m[1mError: [0m{
  "name": "UnknownError",
  "data": {
    "message": "Unexpected server error. Check server logs for details.",
    "ref": "err_24161075"
  }
}
===== ANALYST longcat 2026-09-04 00:43:49 UTC =====
[91m[1mError: [0m{
  "name": "UnknownError",
  "data": {
    "message": "Unexpected server error. Check server logs for details.",
    "ref": "err_f44b19cb"
  }
}
===== ANALYST longcat 2026-09-04 05:09:10 UTC =====
[91m[1mError: [0m{
  "name": "UnknownError",
  "data": {
    "message": "Unexpected server error. Check server logs for details.",
    "ref": "err_b39b2435"
  }
}
===== ANALYST longcat 2026-09-04 09:50:35 UTC =====
[91m[1mError: [0m{
  "name": "UnknownError",
  "data": {
    "message": "Unexpected server error. Check server logs for details.",
    "ref": "err_95751f65"
  }
}
===== ANALYST longcat 2026-09-04 14:09:35 UTC =====
[91m[1mError: [0m{
  "name": "UnknownError",
  "data": {
    "message": "Unexpected server error. Check server logs for details.",
    "ref": "err_fa7ca62b"
  }
}
===== ANALYST longcat 2026-09-04 17:59:35 UTC =====
[91m[1mError: [0m{
  "name": "UnknownError",
  "data": {
    "message": "Unexpected server error. Check server logs for details.",
    "ref": "err_910e28ef"
  }
}
===== ANALYST longcat 2026-09-04 20:10:53 UTC =====
[91m[1mError: [0m{
  "name": "UnknownError",
  "data": {
    "message": "Unexpected server error. Check server logs for details.",
    "ref": "err_c3e3320b"
  }
}
===== ANALYST longcat 2026-09-04 22:25:29 UTC =====
[91m[1mError: [0m{
  "name": "UnknownError",
  "data": {
    "message": "Unexpected server error. Check server logs for details.",
    "ref": "err_2c393be9"
  }
}
===== ANALYST longcat 2026-09-05 00:19:09 UTC =====
[91m[1mError: [0m{
  "name": "UnknownError",
  "data": {
    "message": "Unexpected server error. Check server logs for details.",
    "ref": "err_658e85ab"
  }
}
===== ANALYST longcat 2026-09-05 04:44:34 UTC =====
[91m[1mError: [0m{
  "name": "UnknownError",
  "data": {
    "message": "Unexpected server error. Check server logs for details.",
    "ref": "err_1be9dc7a"
  }
}
===== ANALYST longcat 2026-09-05 08:57:39 UTC =====
[91m[1mError: [0m{
  "name": "UnknownError",
  "data": {
    "message": "Unexpected server error. Check server logs for details.",
    "ref": "err_82906962"
  }
}
===== ANALYST longcat 2026-09-05 12:10:47 UTC =====
[91m[1mError: [0m{
  "name": "UnknownError",
  "data": {
    "message": "Unexpected server error. Check server logs for details.",
    "ref": "err_4191d634"
  }
}
===== ANALYST longcat 2026-09-05 15:25:44 UTC =====
[91m[1mError: [0m{
  "name": "UnknownError",
  "data": {
    "message": "Unexpected server error. Check server logs for details.",
    "ref": "err_c6eb6415"
  }
}
===== ANALYST longcat 2026-09-05 17:45:27 UTC =====
[91m[1mError: [0m{
  "name": "UnknownError",
  "data": {
    "message": "Unexpected server error. Check server logs for details.",
    "ref": "err_f6e219ae"
  }
}
===== ANALYST longcat 2026-09-05 19:33:54 UTC =====
[91m[1mError: [0m{
  "name": "UnknownError",
  "data": {
    "message": "Unexpected server error. Check server logs for details.",
    "ref": "err_dfe089d2"
  }
}
===== ANALYST longcat 2026-09-05 21:47:38 UTC =====
[91m[1mError: [0m{
  "name": "UnknownError",
  "data": {
    "message": "Unexpected server error. Check server logs for details.",
    "ref": "err_3d6a305b"
  }
}
===== ANALYST longcat 2026-09-05 23:45:19 UTC =====
[91m[1mError: [0m{
  "name": "UnknownError",
  "data": {
    "message": "Unexpected server error. Check server logs for details.",
    "ref": "err_b5e9bc77"
  }
}
===== ANALYST longcat 2026-09-06 01:27:00 UTC =====
[91m[1mError: [0m{
  "name": "UnknownError",
  "data": {
    "message": "Unexpected server error. Check server logs for details.",
    "ref": "err_dc6dbcff"
  }
}
===== ANALYST longcat 2026-09-06 06:34:06 UTC =====
[91m[1mError: [0m{
  "name": "UnknownError",
  "data": {
    "message": "Unexpected server error. Check server logs for details.",
    "ref": "err_250851ba"
  }
}
===== ANALYST longcat 2026-09-06 11:26:44 UTC =====
[91m[1mError: [0m{
  "name": "UnknownError",
  "data": {
    "message": "Unexpected server error. Check server logs for details.",
    "ref": "err_6a204d2a"
  }
}
===== ANALYST longcat 2026-09-06 14:37:39 UTC =====
[91m[1mError: [0m{
  "name": "UnknownError",
  "data": {
    "message": "Unexpected server error. Check server logs for details.",
    "ref": "err_59675d2a"
  }
}
===== ANALYST longcat 2026-09-06 17:34:34 UTC =====
[91m[1mError: [0m{
  "name": "UnknownError",
  "data": {
    "message": "Unexpected server error. Check server logs for details.",
    "ref": "err_5eb15c0c"
  }
}
===== ANALYST longcat 2026-09-06 19:50:34 UTC =====
[91m[1mError: [0m{
  "name": "UnknownError",
  "data": {
    "message": "Unexpected server error. Check server logs for details.",
    "ref": "err_de3de156"
  }
}
===== ANALYST longcat 2026-09-06 21:45:27 UTC =====
[91m[1mError: [0m{
  "name": "UnknownError",
  "data": {
    "message": "Unexpected server error. Check server logs for details.",
    "ref": "err_3c207101"
  }
}
===== ANALYST longcat 2026-09-06 23:42:22 UTC =====
[91m[1mError: [0m{
  "name": "UnknownError",
  "data": {
    "message": "Unexpected server error. Check server logs for details.",
    "ref": "err_000862d9"
  }
}
===== ANALYST longcat 2026-09-07 01:22:21 UTC =====
[91m[1mError: [0m{
  "name": "UnknownError",
  "data": {
    "message": "Unexpected server error. Check server logs for details.",
    "ref": "err_c374de9f"
  }
}
===== ANALYST longcat 2026-09-07 06:24:03 UTC =====
[91m[1mError: [0m{
  "name": "UnknownError",
  "data": {
    "message": "Unexpected server error. Check server logs for details.",
    "ref": "err_a46b6e64"
  }
}
===== ANALYST longcat 2026-09-07 12:54:29 UTC =====
[91m[1mError: [0m{
  "name": "UnknownError",
  "data": {
    "message": "Unexpected server error. Check server logs for details.",
    "ref": "err_1141fcc5"
  }
}
===== ANALYST longcat 2026-09-07 18:23:56 UTC =====
[91m[1mError: [0m{
  "name": "UnknownError",
  "data": {
    "message": "Unexpected server error. Check server logs for details.",
    "ref": "err_f030565c"
  }
}
===== ANALYST longcat 2026-09-07 21:42:06 UTC =====
[91m[1mError: [0m{
  "name": "UnknownError",
  "data": {
    "message": "Unexpected server error. Check server logs for details.",
    "ref": "err_0058ab6b"
  }
}
===== ANALYST longcat 2026-09-07 23:49:10 UTC =====
[91m[1mError: [0m{
  "name": "UnknownError",
  "data": {
    "message": "Unexpected server error. Check server logs for details.",
    "ref": "err_bd1c61e7"
  }
}
===== ANALYST longcat 2026-09-08 03:50:44 UTC =====
[91m[1mError: [0m{
  "name": "UnknownError",
  "data": {
    "message": "Unexpected server error. Check server logs for details.",
    "ref": "err_38352006"
  }
}
===== ANALYST longcat 2026-09-08 08:48:14 UTC =====
[91m[1mError: [0m{
  "name": "UnknownError",
  "data": {
    "message": "Unexpected server error. Check server logs for details.",
    "ref": "err_e65df6ec"
  }
}
===== ANALYST longcat 2026-09-08 13:28:39 UTC =====
[91m[1mError: [0m{
  "name": "UnknownError",
  "data": {
    "message": "Unexpected server error. Check server logs for details.",
    "ref": "err_62f193c3"
  }
}
===== ANALYST longcat 2026-09-08 17:35:17 UTC =====
[91m[1mError: [0m{
  "name": "UnknownError",
  "data": {
    "message": "Unexpected server error. Check server logs for details.",
    "ref": "err_85ceac89"
  }
}
===== ANALYST longcat 2026-09-08 20:20:34 UTC =====
[91m[1mError: [0m{
  "name": "UnknownError",
  "data": {
    "message": "Unexpected server error. Check server logs for details.",
    "ref": "err_a9513592"
  }
}
===== ANALYST longcat 2026-09-08 22:47:27 UTC =====
[91m[1mError: [0m{
  "name": "UnknownError",
  "data": {
    "message": "Unexpected server error. Check server logs for details.",
    "ref": "err_e412eaa6"
  }
}
===== ANALYST longcat 2026-09-09 01:09:44 UTC =====
[91m[1mError: [0m{
  "name": "UnknownError",
  "data": {
    "message": "Unexpected server error. Check server logs for details.",
    "ref": "err_ec4604ec"
  }
}
===== ANALYST longcat 2026-09-09 06:10:17 UTC =====
[91m[1mError: [0m{
  "name": "UnknownError",
  "data": {
    "message": "Unexpected server error. Check server logs for details.",
    "ref": "err_7d095c05"
  }
}
