===== ANALYST laguna 2026-09-03 17:17:27 UTC =====
[91m[1mError: [0m{
  "name": "UnknownError",
  "data": {
    "message": "Unexpected server error. Check server logs for details.",
    "ref": "err_c2cc55fc"
  }
}
===== ANALYST laguna 2026-09-03 20:13:47 UTC =====
[91m[1mError: [0m{
  "name": "UnknownError",
  "data": {
    "message": "Unexpected server error. Check server logs for details.",
    "ref": "err_f5dc51e6"
  }
}
===== ANALYST laguna 2026-09-03 22:31:26 UTC =====
[91m[1mError: [0m{
  "name": "UnknownError",
  "data": {
    "message": "Unexpected server error. Check server logs for details.",
    "ref": "err_0df94cad"
  }
}
===== ANALYST laguna 2026-09-04 00:43:49 UTC =====
[91m[1mError: [0m{
  "name": "UnknownError",
  "data": {
    "message": "Unexpected server error. Check server logs for details.",
    "ref": "err_6744471b"
  }
}
===== ANALYST laguna 2026-09-04 05:09:10 UTC =====
[91m[1mError: [0m{
  "name": "UnknownError",
  "data": {
    "message": "Unexpected server error. Check server logs for details.",
    "ref": "err_e8f78e0a"
  }
}
===== ANALYST laguna 2026-09-04 09:50:35 UTC =====
[91m[1mError: [0m{
  "name": "UnknownError",
  "data": {
    "message": "Unexpected server error. Check server logs for details.",
    "ref": "err_f04120df"
  }
}
===== ANALYST laguna 2026-09-04 14:09:35 UTC =====
[91m[1mError: [0m{
  "name": "UnknownError",
  "data": {
    "message": "Unexpected server error. Check server logs for details.",
    "ref": "err_08b17757"
  }
}
===== ANALYST laguna 2026-09-04 17:59:35 UTC =====
[91m[1mError: [0m{
  "name": "UnknownError",
  "data": {
    "message": "Unexpected server error. Check server logs for details.",
    "ref": "err_ce36ecdc"
  }
}
===== ANALYST laguna 2026-09-04 20:10:53 UTC =====
[91m[1mError: [0m{
  "name": "UnknownError",
  "data": {
    "message": "Unexpected server error. Check server logs for details.",
    "ref": "err_6e4d898c"
  }
}
===== ANALYST laguna 2026-09-04 22:25:29 UTC =====
[91m[1mError: [0m{
  "name": "UnknownError",
  "data": {
    "message": "Unexpected server error. Check server logs for details.",
    "ref": "err_01a381d2"
  }
}
===== ANALYST laguna 2026-09-05 00:19:09 UTC =====
[91m[1mError: [0m{
  "name": "UnknownError",
  "data": {
    "message": "Unexpected server error. Check server logs for details.",
    "ref": "err_b390f2d8"
  }
}
===== ANALYST laguna 2026-09-05 04:44:34 UTC =====
[91m[1mError: [0m{
  "name": "UnknownError",
  "data": {
    "message": "Unexpected server error. Check server logs for details.",
    "ref": "err_cc084cef"
  }
}
===== ANALYST laguna 2026-09-05 08:57:39 UTC =====
[91m[1mError: [0m{
  "name": "UnknownError",
  "data": {
    "message": "Unexpected server error. Check server logs for details.",
    "ref": "err_0809c72a"
  }
}
===== ANALYST laguna 2026-09-05 12:10:47 UTC =====
[91m[1mError: [0m{
  "name": "UnknownError",
  "data": {
    "message": "Unexpected server error. Check server logs for details.",
    "ref": "err_da7558d8"
  }
}
===== ANALYST laguna 2026-09-05 15:25:44 UTC =====
[91m[1mError: [0m{
  "name": "UnknownError",
  "data": {
    "message": "Unexpected server error. Check server logs for details.",
    "ref": "err_68b33522"
  }
}
===== ANALYST laguna 2026-09-05 17:45:27 UTC =====
[91m[1mError: [0m{
  "name": "UnknownError",
  "data": {
    "message": "Unexpected server error. Check server logs for details.",
    "ref": "err_e76ad2d3"
  }
}
===== ANALYST laguna 2026-09-05 19:33:54 UTC =====
[91m[1mError: [0m{
  "name": "UnknownError",
  "data": {
    "message": "Unexpected server error. Check server logs for details.",
    "ref": "err_b7ce2bf9"
  }
}
===== ANALYST laguna 2026-09-05 21:47:38 UTC =====
[91m[1mError: [0m{
  "name": "UnknownError",
  "data": {
    "message": "Unexpected server error. Check server logs for details.",
    "ref": "err_eafa4d9f"
  }
}
===== ANALYST laguna 2026-09-05 23:45:19 UTC =====
[91m[1mError: [0m{
  "name": "UnknownError",
  "data": {
    "message": "Unexpected server error. Check server logs for details.",
    "ref": "err_129515a4"
  }
}
===== ANALYST laguna 2026-09-06 01:27:00 UTC =====
[91m[1mError: [0m{
  "name": "UnknownError",
  "data": {
    "message": "Unexpected server error. Check server logs for details.",
    "ref": "err_13babb30"
  }
}
===== ANALYST laguna 2026-09-06 06:34:06 UTC =====
[91m[1mError: [0m{
  "name": "UnknownError",
  "data": {
    "message": "Unexpected server error. Check server logs for details.",
    "ref": "err_974551ec"
  }
}
===== ANALYST laguna 2026-09-06 11:26:44 UTC =====
[91m[1mError: [0m{
  "name": "UnknownError",
  "data": {
    "message": "Unexpected server error. Check server logs for details.",
    "ref": "err_876ad969"
  }
}
===== ANALYST laguna 2026-09-06 14:37:39 UTC =====
[91m[1mError: [0m{
  "name": "UnknownError",
  "data": {
    "message": "Unexpected server error. Check server logs for details.",
    "ref": "err_babe1ba8"
  }
}
===== ANALYST laguna 2026-09-06 17:34:34 UTC =====
[91m[1mError: [0m{
  "name": "UnknownError",
  "data": {
    "message": "Unexpected server error. Check server logs for details.",
    "ref": "err_46d24de5"
  }
}
===== ANALYST laguna 2026-09-06 19:50:34 UTC =====
[91m[1mError: [0m{
  "name": "UnknownError",
  "data": {
    "message": "Unexpected server error. Check server logs for details.",
    "ref": "err_3037ada9"
  }
}
===== ANALYST laguna 2026-09-06 21:45:27 UTC =====
[91m[1mError: [0m{
  "name": "UnknownError",
  "data": {
    "message": "Unexpected server error. Check server logs for details.",
    "ref": "err_3b8dd245"
  }
}
===== ANALYST laguna 2026-09-06 23:42:22 UTC =====
[91m[1mError: [0m{
  "name": "UnknownError",
  "data": {
    "message": "Unexpected server error. Check server logs for details.",
    "ref": "err_e78a0046"
  }
}
===== ANALYST laguna 2026-09-07 01:22:21 UTC =====
[91m[1mError: [0m{
  "name": "UnknownError",
  "data": {
    "message": "Unexpected server error. Check server logs for details.",
    "ref": "err_5b459e33"
  }
}
===== ANALYST laguna 2026-09-07 06:24:03 UTC =====
[91m[1mError: [0m{
  "name": "UnknownError",
  "data": {
    "message": "Unexpected server error. Check server logs for details.",
    "ref": "err_35cf7657"
  }
}
===== ANALYST laguna 2026-09-07 12:54:29 UTC =====
[91m[1mError: [0m{
  "name": "UnknownError",
  "data": {
    "message": "Unexpected server error. Check server logs for details.",
    "ref": "err_0cf1ee2a"
  }
}
===== ANALYST laguna 2026-09-07 18:23:56 UTC =====
[91m[1mError: [0m{
  "name": "UnknownError",
  "data": {
    "message": "Unexpected server error. Check server logs for details.",
    "ref": "err_64626128"
  }
}
===== ANALYST laguna 2026-09-07 21:42:06 UTC =====
[91m[1mError: [0m{
  "name": "UnknownError",
  "data": {
    "message": "Unexpected server error. Check server logs for details.",
    "ref": "err_5cc78aa0"
  }
}
===== ANALYST laguna 2026-09-07 23:49:10 UTC =====
[91m[1mError: [0m{
  "name": "UnknownError",
  "data": {
    "message": "Unexpected server error. Check server logs for details.",
    "ref": "err_9cb18b63"
  }
}
===== ANALYST laguna 2026-09-08 03:50:44 UTC =====
[91m[1mError: [0m{
  "name": "UnknownError",
  "data": {
    "message": "Unexpected server error. Check server logs for details.",
    "ref": "err_5dc0ddca"
  }
}
===== ANALYST laguna 2026-09-08 08:48:14 UTC =====
[91m[1mError: [0m{
  "name": "UnknownError",
  "data": {
    "message": "Unexpected server error. Check server logs for details.",
    "ref": "err_f371e006"
  }
}
===== ANALYST laguna 2026-09-08 13:28:39 UTC =====
[91m[1mError: [0m{
  "name": "UnknownError",
  "data": {
    "message": "Unexpected server error. Check server logs for details.",
    "ref": "err_40170e6a"
  }
}
===== ANALYST laguna 2026-09-08 17:35:17 UTC =====
[91m[1mError: [0m{
  "name": "UnknownError",
  "data": {
    "message": "Unexpected server error. Check server logs for details.",
    "ref": "err_fcd4f94b"
  }
}
===== ANALYST laguna 2026-09-08 20:20:34 UTC =====
[91m[1mError: [0m{
  "name": "UnknownError",
  "data": {
    "message": "Unexpected server error. Check server logs for details.",
    "ref": "err_77107e52"
  }
}
===== ANALYST laguna 2026-09-08 22:47:27 UTC =====
[91m[1mError: [0m{
  "name": "UnknownError",
  "data": {
    "message": "Unexpected server error. Check server logs for details.",
    "ref": "err_184a1d9a"
  }
}
===== ANALYST laguna 2026-09-09 01:09:44 UTC =====
[91m[1mError: [0m{
  "name": "UnknownError",
  "data": {
    "message": "Unexpected server error. Check server logs for details.",
    "ref": "err_7336eccb"
  }
}
===== ANALYST laguna 2026-09-09 06:10:17 UTC =====
[91m[1mError: [0m{
  "name": "UnknownError",
  "data": {
    "message": "Unexpected server error. Check server logs for details.",
    "ref": "err_3ae0d39e"
  }
}
===== ANALYST laguna 2026-09-09 11:37:37 UTC =====
[91m[1mError: [0m{
  "name": "UnknownError",
  "data": {
    "message": "Unexpected server error. Check server logs for details.",
    "ref": "err_048b6e10"
  }
}
===== ANALYST laguna 2026-09-09 15:29:28 UTC =====
[91m[1mError: [0m{
  "name": "UnknownError",
  "data": {
    "message": "Unexpected server error. Check server logs for details.",
    "ref": "err_d748bf09"
  }
}
===== ANALYST laguna 2026-09-09 18:45:18 UTC =====
[91m[1mError: [0m{
  "name": "UnknownError",
  "data": {
    "message": "Unexpected server error. Check server logs for details.",
    "ref": "err_2f159150"
  }
}
===== ANALYST laguna 2026-09-09 21:35:48 UTC =====
[91m[1mError: [0m{
  "name": "UnknownError",
  "data": {
    "message": "Unexpected server error. Check server logs for details.",
    "ref": "err_73611444"
  }
}
===== ANALYST laguna 2026-09-09 23:33:23 UTC =====
[91m[1mError: [0m{
  "name": "UnknownError",
  "data": {
    "message": "Unexpected server error. Check server logs for details.",
    "ref": "err_dc182274"
  }
}
===== ANALYST laguna 2026-09-10 01:32:22 UTC =====
[91m[1mError: [0m{
  "name": "UnknownError",
  "data": {
    "message": "Unexpected server error. Check server logs for details.",
    "ref": "err_2086ba2e"
  }
}
===== ANALYST laguna 2026-09-10 06:44:00 UTC =====
[91m[1mError: [0m{
  "name": "UnknownError",
  "data": {
    "message": "Unexpected server error. Check server logs for details.",
    "ref": "err_27383c14"
  }
}
===== ANALYST laguna 2026-09-10 11:54:16 UTC =====
[91m[1mError: [0m{
  "name": "UnknownError",
  "data": {
    "message": "Unexpected server error. Check server logs for details.",
    "ref": "err_52681ce1"
  }
}
===== ANALYST laguna 2026-09-10 16:08:00 UTC =====
[91m[1mError: [0m{
  "name": "UnknownError",
  "data": {
    "message": "Unexpected server error. Check server logs for details.",
    "ref": "err_be888bb8"
  }
}
===== ANALYST laguna 2026-09-10 19:15:21 UTC =====
[91m[1mError: [0m{
  "name": "UnknownError",
  "data": {
    "message": "Unexpected server error. Check server logs for details.",
    "ref": "err_c3732304"
  }
}
===== ANALYST laguna 2026-09-10 21:43:28 UTC =====
[91m[1mError: [0m{
  "name": "UnknownError",
  "data": {
    "message": "Unexpected server error. Check server logs for details.",
    "ref": "err_243e3f7b"
  }
}
===== ANALYST laguna 2026-09-10 23:55:04 UTC =====
[91m[1mError: [0m{
  "name": "UnknownError",
  "data": {
    "message": "Unexpected server error. Check server logs for details.",
    "ref": "err_7f5e1319"
  }
}
===== ANALYST laguna 2026-09-11 03:53:01 UTC =====
[91m[1mError: [0m{
  "name": "UnknownError",
  "data": {
    "message": "Unexpected server error. Check server logs for details.",
    "ref": "err_680e3744"
  }
}
===== ANALYST laguna 2026-09-11 08:49:30 UTC =====
[91m[1mError: [0m{
  "name": "UnknownError",
  "data": {
    "message": "Unexpected server error. Check server logs for details.",
    "ref": "err_f29431bf"
  }
}
===== ANALYST laguna 2026-09-11 13:27:11 UTC =====
[91m[1mError: [0m{
  "name": "UnknownError",
  "data": {
    "message": "Unexpected server error. Check server logs for details.",
    "ref": "err_8761cb7a"
  }
}
===== ANALYST laguna 2026-09-11 17:15:54 UTC =====
[91m[1mError: [0m{
  "name": "UnknownError",
  "data": {
    "message": "Unexpected server error. Check server logs for details.",
    "ref": "err_39fd9a7d"
  }
}
===== ANALYST laguna 2026-09-11 19:51:28 UTC =====
[91m[1mError: [0m{
  "name": "UnknownError",
  "data": {
    "message": "Unexpected server error. Check server logs for details.",
    "ref": "err_5df4c180"
  }
}
===== ANALYST laguna 2026-09-11 22:24:16 UTC =====
[91m[1mError: [0m{
  "name": "UnknownError",
  "data": {
    "message": "Unexpected server error. Check server logs for details.",
    "ref": "err_3aad788c"
  }
}
===== ANALYST laguna 2026-09-12 00:38:57 UTC =====
[91m[1mError: [0m{
  "name": "UnknownError",
  "data": {
    "message": "Unexpected server error. Check server logs for details.",
    "ref": "err_9fcb62c6"
  }
}
===== ANALYST laguna 2026-09-12 05:04:35 UTC =====
[91m[1mError: [0m{
  "name": "UnknownError",
  "data": {
    "message": "Unexpected server error. Check server logs for details.",
    "ref": "err_078bbece"
  }
}
===== ANALYST laguna 2026-09-12 09:29:05 UTC =====
[91m[1mError: [0m{
  "name": "UnknownError",
  "data": {
    "message": "Unexpected server error. Check server logs for details.",
    "ref": "err_8540ba39"
  }
}
===== ANALYST laguna 2026-09-12 13:21:49 UTC =====
[91m[1mError: [0m{
  "name": "UnknownError",
  "data": {
    "message": "Unexpected server error. Check server logs for details.",
    "ref": "err_e5a4d296"
  }
}
