===== ANALYST ling3 2026-09-03 17:17:27 UTC =====
[91m[1mError: [0m{
  "name": "UnknownError",
  "data": {
    "message": "Unexpected server error. Check server logs for details.",
    "ref": "err_2f67b6d5"
  }
}
===== ANALYST ling3 2026-09-03 20:13:47 UTC =====
[91m[1mError: [0m{
  "name": "UnknownError",
  "data": {
    "message": "Unexpected server error. Check server logs for details.",
    "ref": "err_4baecd6e"
  }
}
===== ANALYST ling3 2026-09-03 22:31:26 UTC =====
[91m[1mError: [0m{
  "name": "UnknownError",
  "data": {
    "message": "Unexpected server error. Check server logs for details.",
    "ref": "err_bf8e82f3"
  }
}
===== ANALYST ling3 2026-09-04 00:43:49 UTC =====
[91m[1mError: [0m{
  "name": "UnknownError",
  "data": {
    "message": "Unexpected server error. Check server logs for details.",
    "ref": "err_39f2d6c6"
  }
}
===== ANALYST ling3 2026-09-04 05:09:10 UTC =====
[91m[1mError: [0m{
  "name": "UnknownError",
  "data": {
    "message": "Unexpected server error. Check server logs for details.",
    "ref": "err_eb9f8872"
  }
}
===== ANALYST ling3 2026-09-04 09:50:35 UTC =====
[91m[1mError: [0m{
  "name": "UnknownError",
  "data": {
    "message": "Unexpected server error. Check server logs for details.",
    "ref": "err_8a2b87c1"
  }
}
===== ANALYST ling3 2026-09-04 14:09:35 UTC =====
[91m[1mError: [0m{
  "name": "UnknownError",
  "data": {
    "message": "Unexpected server error. Check server logs for details.",
    "ref": "err_d36d9f7d"
  }
}
===== ANALYST ling3 2026-09-04 17:59:35 UTC =====
[91m[1mError: [0m{
  "name": "UnknownError",
  "data": {
    "message": "Unexpected server error. Check server logs for details.",
    "ref": "err_2abcae20"
  }
}
===== ANALYST ling3 2026-09-04 20:10:53 UTC =====
[91m[1mError: [0m{
  "name": "UnknownError",
  "data": {
    "message": "Unexpected server error. Check server logs for details.",
    "ref": "err_3086f8af"
  }
}
===== ANALYST ling3 2026-09-04 22:25:29 UTC =====
[91m[1mError: [0m{
  "name": "UnknownError",
  "data": {
    "message": "Unexpected server error. Check server logs for details.",
    "ref": "err_951e10a3"
  }
}
===== ANALYST ling3 2026-09-05 00:19:09 UTC =====
[91m[1mError: [0m{
  "name": "UnknownError",
  "data": {
    "message": "Unexpected server error. Check server logs for details.",
    "ref": "err_15b091c7"
  }
}
===== ANALYST ling3 2026-09-05 04:44:34 UTC =====
[91m[1mError: [0m{
  "name": "UnknownError",
  "data": {
    "message": "Unexpected server error. Check server logs for details.",
    "ref": "err_441a05f2"
  }
}
===== ANALYST ling3 2026-09-05 08:57:39 UTC =====
[91m[1mError: [0m{
  "name": "UnknownError",
  "data": {
    "message": "Unexpected server error. Check server logs for details.",
    "ref": "err_8128c46b"
  }
}
===== ANALYST ling3 2026-09-05 12:10:47 UTC =====
[91m[1mError: [0m{
  "name": "UnknownError",
  "data": {
    "message": "Unexpected server error. Check server logs for details.",
    "ref": "err_1ed3d72c"
  }
}
===== ANALYST ling3 2026-09-05 15:25:44 UTC =====
[91m[1mError: [0m{
  "name": "UnknownError",
  "data": {
    "message": "Unexpected server error. Check server logs for details.",
    "ref": "err_f6fc6f0d"
  }
}
===== ANALYST ling3 2026-09-05 17:45:27 UTC =====
[91m[1mError: [0m{
  "name": "UnknownError",
  "data": {
    "message": "Unexpected server error. Check server logs for details.",
    "ref": "err_e6c8820d"
  }
}
===== ANALYST ling3 2026-09-05 19:33:54 UTC =====
[91m[1mError: [0m{
  "name": "UnknownError",
  "data": {
    "message": "Unexpected server error. Check server logs for details.",
    "ref": "err_92143038"
  }
}
===== ANALYST ling3 2026-09-05 21:47:38 UTC =====
[91m[1mError: [0m{
  "name": "UnknownError",
  "data": {
    "message": "Unexpected server error. Check server logs for details.",
    "ref": "err_a23c5fb2"
  }
}
===== ANALYST ling3 2026-09-05 23:45:19 UTC =====
[91m[1mError: [0m{
  "name": "UnknownError",
  "data": {
    "message": "Unexpected server error. Check server logs for details.",
    "ref": "err_83227344"
  }
}
===== ANALYST ling3 2026-09-06 01:27:00 UTC =====
[91m[1mError: [0m{
  "name": "UnknownError",
  "data": {
    "message": "Unexpected server error. Check server logs for details.",
    "ref": "err_f2071ffb"
  }
}
===== ANALYST ling3 2026-09-06 06:34:06 UTC =====
[91m[1mError: [0m{
  "name": "UnknownError",
  "data": {
    "message": "Unexpected server error. Check server logs for details.",
    "ref": "err_e9550314"
  }
}
===== ANALYST ling3 2026-09-06 11:26:44 UTC =====
[91m[1mError: [0m{
  "name": "UnknownError",
  "data": {
    "message": "Unexpected server error. Check server logs for details.",
    "ref": "err_fadb69f3"
  }
}
===== ANALYST ling3 2026-09-06 14:37:39 UTC =====
[91m[1mError: [0m{
  "name": "UnknownError",
  "data": {
    "message": "Unexpected server error. Check server logs for details.",
    "ref": "err_e4a8dae5"
  }
}
===== ANALYST ling3 2026-09-06 17:34:34 UTC =====
[91m[1mError: [0m{
  "name": "UnknownError",
  "data": {
    "message": "Unexpected server error. Check server logs for details.",
    "ref": "err_17c8eab7"
  }
}
===== ANALYST ling3 2026-09-06 19:50:34 UTC =====
[91m[1mError: [0m{
  "name": "UnknownError",
  "data": {
    "message": "Unexpected server error. Check server logs for details.",
    "ref": "err_36e3fd6d"
  }
}
===== ANALYST ling3 2026-09-06 21:45:27 UTC =====
[91m[1mError: [0m{
  "name": "UnknownError",
  "data": {
    "message": "Unexpected server error. Check server logs for details.",
    "ref": "err_e92ae67f"
  }
}
===== ANALYST ling3 2026-09-06 23:42:22 UTC =====
[91m[1mError: [0m{
  "name": "UnknownError",
  "data": {
    "message": "Unexpected server error. Check server logs for details.",
    "ref": "err_6aa70254"
  }
}
===== ANALYST ling3 2026-09-07 01:22:21 UTC =====
[91m[1mError: [0m{
  "name": "UnknownError",
  "data": {
    "message": "Unexpected server error. Check server logs for details.",
    "ref": "err_c71d9aba"
  }
}
===== ANALYST ling3 2026-09-07 06:24:03 UTC =====
[91m[1mError: [0m{
  "name": "UnknownError",
  "data": {
    "message": "Unexpected server error. Check server logs for details.",
    "ref": "err_206b87d0"
  }
}
===== ANALYST ling3 2026-09-07 12:54:29 UTC =====
[91m[1mError: [0m{
  "name": "UnknownError",
  "data": {
    "message": "Unexpected server error. Check server logs for details.",
    "ref": "err_f0473061"
  }
}
===== ANALYST ling3 2026-09-07 18:23:56 UTC =====
[91m[1mError: [0m{
  "name": "UnknownError",
  "data": {
    "message": "Unexpected server error. Check server logs for details.",
    "ref": "err_bdf22869"
  }
}
===== ANALYST ling3 2026-09-07 21:42:06 UTC =====
[91m[1mError: [0m{
  "name": "UnknownError",
  "data": {
    "message": "Unexpected server error. Check server logs for details.",
    "ref": "err_acdef233"
  }
}
